BPS Quick Verify (killcam 방식) — 2026-04-21T16:01:06.875105
Channel: ch0, Values: [1024, 2048, 4096, 8192] kbps, Tolerance: ±10%

[1/4] 16:01:06 Testing bps=1024 kbps...
  [1] edgeconf 변경: ch0.bps = [1024, 1024]
  [2] killcam 실행...
  [3] 녹화 완료 대기 (최대 75s)...
  [4] ffprobe: /dev/shm/recordings/VD3001_20260421_070100-ch0.mp4
  [+] PASS (68.3s) actual=1016.7kbps diff=-0.7%
[2/4] 16:02:15 Testing bps=2048 kbps...
  [1] edgeconf 변경: ch0.bps = [2048, 2048]
  [2] killcam 실행...
  [3] 녹화 완료 대기 (최대 75s)...
  [4] ffprobe: /dev/shm/recordings/VD3001_20260421_070200-ch0.mp4
  [+] PASS (55.2s) actual=2052.0kbps diff=+0.2%
[3/4] 16:03:10 Testing bps=4096 kbps...
  [1] edgeconf 변경: ch0.bps = [4096, 4096]
  [2] killcam 실행...
  [3] 녹화 완료 대기 (최대 75s)...
  [4] ffprobe: /dev/shm/recordings/VD3001_20260421_070300-ch0.mp4
  [+] PASS (65.0s) actual=4110.6kbps diff=+0.4%
[4/4] 16:04:15 Testing bps=8192 kbps...
  [1] edgeconf 변경: ch0.bps = [8192, 8192]
  [2] killcam 실행...
  [3] 녹화 완료 대기 (최대 75s)...
  [4] ffprobe: /dev/shm/recordings/VD3001_20260421_070400-ch0.mp4
  [+] PASS (53.7s) actual=8155.2kbps diff=-0.4%

============================================================
PASS: 4/4
============================================================
