Channel verify run — 2026-04-17T12:20:35.690213
Total cases: 32
Per-case timeout: 900s
Results: /home/jhw/ai/opencode/projects/pim-check/channel_verify_results.json

[1/32] 12:20:35 Running gen_720p_ch0_vflip_off...
   → PASS (260.3s) [8/8 checks]
[2/32] 12:24:55 Running gen_720p_ch0_vflip_on...
   → PASS (43.3s) [8/8 checks]
[3/32] 12:25:39 Running gen_720p_ch1_vflip_off...
   → PASS (17.4s) [8/8 checks]
[4/32] 12:25:56 Running gen_720p_ch1_vflip_on...
   → PASS (262.8s) [8/8 checks]
[5/32] 12:30:19 Running gen_720p_ch2_vflip_off...
   → PASS (53.7s) [8/8 checks]
[6/32] 12:31:13 Running gen_720p_ch2_vflip_on...
   → FAIL (268.6s) [7/8 checks]
[7/32] 12:35:41 Running gen_720p_ch3_vflip_off...
   → PASS (16.1s) [8/8 checks]
[8/32] 12:35:57 Running gen_720p_ch3_vflip_on...
   → FAIL (257.8s) [7/8 checks]
[9/32] 12:40:15 Running gen_720p_ch0_ae_on...
   → PASS (21.0s) [8/8 checks]
[10/32] 12:40:36 Running gen_720p_ch0_ae_off...
   → PASS (258.7s) [8/8 checks]
[11/32] 12:44:55 Running gen_720p_ch1_ae_on...
   → PASS (41.7s) [8/8 checks]
[12/32] 12:45:37 Running gen_720p_ch1_ae_off...
   → PASS (247.9s) [8/8 checks]
[13/32] 12:49:45 Running gen_720p_ch2_ae_on...
   → FAIL (55.2s) [7/8 checks]
[14/32] 12:50:40 Running gen_720p_ch2_ae_off...
   → FAIL (259.3s) [7/8 checks]
[15/32] 12:54:59 Running gen_720p_ch3_ae_on...
   → FAIL (42.1s) [7/8 checks]
[16/32] 12:55:41 Running gen_720p_ch3_ae_off...
   → FAIL (264.5s) [7/8 checks]
[17/32] 13:00:06 Running gen_fhd_ch0_vflip_off...
   → PASS (384.7s) [8/8 checks]
[18/32] 13:06:31 Running gen_fhd_ch0_vflip_on...
   → PASS (248.0s) [8/8 checks]
[19/32] 13:10:39 Running gen_fhd_ch1_vflip_off...
   → PASS (271.5s) [8/8 checks]
[20/32] 13:15:10 Running gen_fhd_ch1_vflip_on...
   → FAIL (375.8s) [6/8 checks]
[21/32] 13:21:26 Running gen_fhd_ch2_vflip_off...
   → PASS (287.7s) [8/8 checks]
[22/32] 13:26:14 Running gen_fhd_ch2_vflip_on...
   → FAIL (279.0s) [7/8 checks]
[23/32] 13:30:53 Running gen_fhd_ch3_vflip_off...
   → PASS (295.8s) [8/8 checks]
[24/32] 13:35:48 Running gen_fhd_ch3_vflip_on...
   → FAIL (485.0s) [7/8 checks]
[25/32] 13:43:53 Running gen_fhd_ch0_ae_on...
   → PASS (353.5s) [8/8 checks]
[26/32] 13:49:47 Running gen_fhd_ch0_ae_off...
   → PASS (266.5s) [8/8 checks]
[27/32] 13:54:13 Running gen_fhd_ch1_ae_on...
   → PASS (525.6s) [8/8 checks]
[28/32] 14:02:59 Running gen_fhd_ch1_ae_off...
   → PASS (259.0s) [8/8 checks]
[29/32] 14:07:18 Running gen_fhd_ch2_ae_on...
   → FAIL (280.1s) [7/8 checks]
[30/32] 14:11:58 Running gen_fhd_ch2_ae_off...
   → FAIL (261.0s) [7/8 checks]
[31/32] 14:16:19 Running gen_fhd_ch3_ae_on...
   → FAIL (275.7s) [7/8 checks]
[32/32] 14:20:55 Running gen_fhd_ch3_ae_off...
   → FAIL (285.2s) [7/8 checks]

============================================================
PASS: 19/32, FAIL: 13, TIMEOUT: 0, NO_SSH: 0
============================================================

실패 케이스:
  [FAIL] gen_720p_ch2_vflip_on (268.6s)
       FAIL: custom_commands - ch2 ROTATION 레지스터 확인 (vflip on, bit1): ch2 ISP ROTATION 레지스터에 vflip on 미반영 (got: 0x000x00)
  [FAIL] gen_720p_ch3_vflip_on (257.8s)
       FAIL: custom_commands - ch3 ROTATION 레지스터 확인 (vflip on, bit1): ch3 ISP ROTATION 레지스터에 vflip on 미반영 (got: 0x000x00)
  [FAIL] gen_720p_ch2_ae_on (55.2s)
       FAIL: custom_commands - ch2 AE_CTRL 레지스터 확인 (AUTO): ch2 ISP AE_CTRL 레지스터에 AUTO 미반영 (got: 0x000xac)
  [FAIL] gen_720p_ch2_ae_off (259.3s)
       FAIL: custom_commands - ch2 AE_CTRL 레지스터 확인 (MANUAL): ch2 ISP AE_CTRL 레지스터에 MANUAL 미반영 (got: 0x000xac)
  [FAIL] gen_720p_ch3_ae_on (42.1s)
       FAIL: custom_commands - ch3 AE_CTRL 레지스터 확인 (AUTO): ch3 ISP AE_CTRL 레지스터에 AUTO 미반영 (got: 0x000xac)
  [FAIL] gen_720p_ch3_ae_off (264.5s)
       FAIL: custom_commands - ch3 AE_CTRL 레지스터 확인 (MANUAL): ch3 ISP AE_CTRL 레지스터에 MANUAL 미반영 (got: 0x000xac)
  [FAIL] gen_fhd_ch1_vflip_on (375.8s)
       FAIL: process - SSH_ERROR: Command timed out after 10s: pgrep -x gstApp
       FAIL: thermal - SSH_ERROR: Command timed out after 10s: cat /sys/devices/virtual/thermal/thermal_zone0/temp
  [FAIL] gen_fhd_ch2_vflip_on (279.0s)
       FAIL: custom_commands - ch2 ROTATION 레지스터 확인 (vflip on, bit1): ch2 ISP ROTATION 레지스터에 vflip on 미반영 (got: 0x000x00)
  [FAIL] gen_fhd_ch3_vflip_on (485.0s)
       FAIL: custom_commands - ch3 ROTATION 레지스터 확인 (vflip on, bit1): ch3 ISP ROTATION 레지스터에 vflip on 미반영 (got: 0x000x00)
  [FAIL] gen_fhd_ch2_ae_on (280.1s)
       FAIL: custom_commands - ch2 AE_CTRL 레지스터 확인 (AUTO): ch2 ISP AE_CTRL 레지스터에 AUTO 미반영 (got: 0x000xac)
  [FAIL] gen_fhd_ch2_ae_off (261.0s)
       FAIL: custom_commands - ch2 AE_CTRL 레지스터 확인 (MANUAL): ch2 ISP AE_CTRL 레지스터에 MANUAL 미반영 (got: 0x000xac)
  [FAIL] gen_fhd_ch3_ae_on (275.7s)
       FAIL: custom_commands - ch3 AE_CTRL 레지스터 확인 (AUTO): ch3 ISP AE_CTRL 레지스터에 AUTO 미반영 (got: 0x000xac)
  [FAIL] gen_fhd_ch3_ae_off (285.2s)
       FAIL: custom_commands - ch3 AE_CTRL 레지스터 확인 (MANUAL): ch3 ISP AE_CTRL 레지스터에 MANUAL 미반영 (got: 0x000xac)
