Retry failed cases — 2026-04-20T13:54:54.860766
Total: 13

[1/13] 13:54:54 Running gen_720p_ch2_vflip_on...
   → PASS (315.5s) [8/8 checks]
[2/13] 14:00:10 Running gen_720p_ch3_vflip_on...
   → FAIL (253.9s) [7/8 checks]
[3/13] 14:04:24 Running gen_720p_ch2_ae_on...
   → PASS (276.8s) [8/8 checks]
[4/13] 14:09:01 Running gen_720p_ch2_ae_off...
   → PASS (246.4s) [8/8 checks]
[5/13] 14:13:07 Running gen_720p_ch3_ae_on...
   → PASS (263.9s) [8/8 checks]
[6/13] 14:17:31 Running gen_720p_ch3_ae_off...
   → FAIL (264.2s) [7/8 checks]
[7/13] 14:21:55 Running gen_fhd_ch1_vflip_on...
   → PASS (281.1s) [8/8 checks]
[8/13] 14:26:36 Running gen_fhd_ch2_vflip_on...
   → PASS (287.3s) [8/8 checks]
[9/13] 14:31:23 Running gen_fhd_ch3_vflip_on...
   → FAIL (293.5s) [7/8 checks]
[10/13] 14:36:17 Running gen_fhd_ch2_ae_on...
   → PASS (298.0s) [8/8 checks]
[11/13] 14:41:15 Running gen_fhd_ch2_ae_off...
   → PASS (343.0s) [8/8 checks]
[12/13] 14:46:58 Running gen_fhd_ch3_ae_on...
   → PASS (287.9s) [8/8 checks]
[13/13] 14:51:46 Running gen_fhd_ch3_ae_off...
   → FAIL (535.1s) [7/8 checks]

============================================================
PASS: 9/13, FAIL: 4, OTHER: 0
============================================================

실패 케이스:
  [FAIL] gen_720p_ch3_vflip_on (253.9s)
       FAIL: custom_commands - ch3 ROTATION 레지스터 확인 (vflip on, bit1): ch3 ISP ROTATION 레지스터에 vflip on 미반영 (got: 0x000x00)
  [FAIL] gen_720p_ch3_ae_off (264.2s)
       FAIL: custom_commands - ch3 AE_CTRL 레지스터 확인 (MANUAL): ch3 ISP AE_CTRL 레지스터에 MANUAL 미반영 (got: 0x020x99)
  [FAIL] gen_fhd_ch3_vflip_on (293.5s)
       FAIL: custom_commands - ch3 ROTATION 레지스터 확인 (vflip on, bit1): ch3 ISP ROTATION 레지스터에 vflip on 미반영 (got: 0x000x00)
  [FAIL] gen_fhd_ch3_ae_off (535.1s)
       FAIL: custom_commands - ch3 AE_CTRL 레지스터 확인 (MANUAL): ch3 ISP AE_CTRL 레지스터에 MANUAL 미반영 (got: 0x020x99)
