Comprehensive verify — 2026-04-21T10:08:51.317194
Total scenarios: 96
  Phase 2 (quad): 32
  Phase 3 (dual): 64

[1/96] 10:08:51 p2_quad_720p_ch0_vflip...
   [+] PASS (68.9s) expected=0x000x02 got=0x000x02
[2/96] 10:10:00 p2_quad_720p_ch0_hflip...
   [+] PASS (67.6s) expected=0x000x01 got=0x000x01
[3/96] 10:11:07 p2_quad_720p_ch0_ae_on...
   [+] PASS (71.6s) expected=0x020x90 got=0x020x90
[4/96] 10:12:19 p2_quad_720p_ch0_awb...
   [+] PASS (67.3s) expected=0x110x50 got=0x110x50
[5/96] 10:13:26 p2_quad_720p_ch1_vflip...
   [+] PASS (87.9s) expected=0x000x02 got=0x000x02
[6/96] 10:14:54 p2_quad_720p_ch1_hflip...
   [+] PASS (66.9s) expected=0x000x01 got=0x000x01
[7/96] 10:16:01 p2_quad_720p_ch1_ae_on...
   [+] PASS (66.8s) expected=0x020x90 got=0x020x90
[8/96] 10:17:08 p2_quad_720p_ch1_awb...
   [+] PASS (69.1s) expected=0x110x50 got=0x110x50
[9/96] 10:18:17 p2_quad_720p_ch2_vflip...
   [+] PASS (69.1s) expected=0x000x02 got=0x000x02
[10/96] 10:19:26 p2_quad_720p_ch2_hflip...
   [+] PASS (67.6s) expected=0x000x01 got=0x000x01
[11/96] 10:20:33 p2_quad_720p_ch2_ae_on...
   [+] PASS (68.4s) expected=0x020x90 got=0x020x90
[12/96] 10:21:42 p2_quad_720p_ch2_awb...
   [+] PASS (68.3s) expected=0x110x50 got=0x110x50
[13/96] 10:22:50 p2_quad_720p_ch3_vflip...
   [+] PASS (68.8s) expected=0x000x02 got=0x000x02
[14/96] 10:23:59 p2_quad_720p_ch3_hflip...
   [+] PASS (66.6s) expected=0x000x01 got=0x000x01
[15/96] 10:25:06 p2_quad_720p_ch3_ae_on...
   [+] PASS (93.3s) expected=0x020x90 got=0x020x90
[16/96] 10:26:39 p2_quad_720p_ch3_awb...
   [+] PASS (67.1s) expected=0x110x50 got=0x110x50
[17/96] 10:27:46 p2_quad_fhd_ch0_vflip...
   [+] PASS (67.8s) expected=0x000x02 got=0x000x02
[18/96] 10:28:54 p2_quad_fhd_ch0_hflip...
   [+] PASS (68.0s) expected=0x000x01 got=0x000x01
[19/96] 10:30:02 p2_quad_fhd_ch0_ae_on...
   [+] PASS (67.9s) expected=0x020x90 got=0x020x90
[20/96] 10:31:10 p2_quad_fhd_ch0_awb...
   [+] PASS (68.4s) expected=0x110x50 got=0x110x50
[21/96] 10:32:18 p2_quad_fhd_ch1_vflip...
   [+] PASS (69.8s) expected=0x000x02 got=0x000x02
[22/96] 10:33:28 p2_quad_fhd_ch1_hflip...
   [+] PASS (70.3s) expected=0x000x01 got=0x000x01
[23/96] 10:34:38 p2_quad_fhd_ch1_ae_on...
   [+] PASS (67.9s) expected=0x020x90 got=0x020x90
[24/96] 10:35:46 p2_quad_fhd_ch1_awb...
   [+] PASS (67.2s) expected=0x110x50 got=0x110x50
[25/96] 10:36:53 p2_quad_fhd_ch2_vflip...
   [+] PASS (92.9s) expected=0x000x02 got=0x000x02
[26/96] 10:38:26 p2_quad_fhd_ch2_hflip...
   [+] PASS (69.0s) expected=0x000x01 got=0x000x01
[27/96] 10:39:35 p2_quad_fhd_ch2_ae_on...
   [+] PASS (66.6s) expected=0x020x90 got=0x020x90
[28/96] 10:40:42 p2_quad_fhd_ch2_awb...
   [+] PASS (67.9s) expected=0x110x50 got=0x110x50
[29/96] 10:41:50 p2_quad_fhd_ch3_vflip...
   [+] PASS (93.1s) expected=0x000x02 got=0x000x02
[30/96] 10:43:23 p2_quad_fhd_ch3_hflip...
   [+] PASS (70.1s) expected=0x000x01 got=0x000x01
[31/96] 10:44:33 p2_quad_fhd_ch3_ae_on...
   [+] PASS (67.0s) expected=0x020x90 got=0x020x90
[32/96] 10:45:40 p2_quad_fhd_ch3_awb...
   [+] PASS (66.9s) expected=0x110x50 got=0x110x50
[33/96] 10:46:47 p3_samebus_i2c2_720p_ch0_vflip...
   [+] PASS (67.4s) expected=0x000x02 got=0x000x02
[34/96] 10:47:54 p3_samebus_i2c2_720p_ch0_hflip...
   [+] PASS (64.6s) expected=0x000x01 got=0x000x01
[35/96] 10:48:59 p3_samebus_i2c2_720p_ch0_ae_on...
   [+] PASS (65.0s) expected=0x020x90 got=0x020x90
[36/96] 10:50:04 p3_samebus_i2c2_720p_ch0_awb...
   [+] PASS (65.7s) expected=0x110x50 got=0x110x50
[37/96] 10:51:10 p3_samebus_i2c2_720p_ch1_vflip...
   [+] PASS (65.6s) expected=0x000x02 got=0x000x02
[38/96] 10:52:15 p3_samebus_i2c2_720p_ch1_hflip...
   [+] PASS (64.5s) expected=0x000x01 got=0x000x01
[39/96] 10:53:20 p3_samebus_i2c2_720p_ch1_ae_on...
   [+] PASS (64.5s) expected=0x020x90 got=0x020x90
[40/96] 10:54:24 p3_samebus_i2c2_720p_ch1_awb...
   [+] PASS (63.4s) expected=0x110x50 got=0x110x50
[41/96] 10:55:28 p3_samebus_i2c1_720p_ch2_vflip...
   [+] PASS (67.9s) expected=0x000x02 got=0x000x02
[42/96] 10:56:35 p3_samebus_i2c1_720p_ch2_hflip...
Traceback (most recent call last):
  File "/home/jhw/ai/opencode/projects/pim-check/run_comprehensive_verify.py", line 294, in <module>
    main()
  File "/home/jhw/ai/opencode/projects/pim-check/run_comprehensive_verify.py", line 265, in main
    r = run_scenario(scen)
  File "/home/jhw/ai/opencode/projects/pim-check/run_comprehensive_verify.py", line 149, in run_scenario
    if not reboot_and_wait():
  File "/home/jhw/ai/opencode/projects/pim-check/run_comprehensive_verify.py", line 122, in reboot_and_wait
    if not wait_ssh(timeout=REBOOT_WAIT):
  File "/home/jhw/ai/opencode/projects/pim-check/run_comprehensive_verify.py", line 84, in wait_ssh
    rc, out, _ = ssh("echo ok", timeout=10)
  File "/home/jhw/ai/opencode/projects/pim-check/run_comprehensive_verify.py", line 73, in ssh
    r = subprocess.run(
  File "/usr/lib/python3.10/subprocess.py", line 505, in run
    stdout, stderr = process.communicate(input, timeout=timeout)
  File "/usr/lib/python3.10/subprocess.py", line 1154, in communicate
    stdout, stderr = self._communicate(input, endtime, timeout)
  File "/usr/lib/python3.10/subprocess.py", line 2022, in _communicate
    self._check_timeout(endtime, orig_timeout, stdout, stderr)
  File "/usr/lib/python3.10/subprocess.py", line 1198, in _check_timeout
    raise TimeoutExpired(
subprocess.TimeoutExpired: Command '['sshpass', '-p', 'root', 'ssh', '-o', 'StrictHostKeyChecking=no', '-o', 'ConnectTimeout=5', 'root@192.168.0.5', 'echo ok']' timed out after 10 seconds
Comprehensive verify — 2026-04-21T11:01:00.903918
Total scenarios: 96
  Phase 2 (quad): 32
  Phase 3 (dual): 64
  Resume: 41 scenarios already PASSed — skipping

[42/96] 11:01:00 p3_samebus_i2c1_720p_ch2_hflip...
   [+] PASS (67.7s) expected=0x000x01 got=0x000x01
[43/96] 11:02:08 p3_samebus_i2c1_720p_ch2_ae_on...
   [+] PASS (67.8s) expected=0x020x90 got=0x020x90
[44/96] 11:03:16 p3_samebus_i2c1_720p_ch2_awb...
   [+] PASS (67.6s) expected=0x110x50 got=0x110x50
[45/96] 11:04:24 p3_samebus_i2c1_720p_ch3_vflip...
   [+] PASS (64.6s) expected=0x000x02 got=0x000x02
[46/96] 11:05:28 p3_samebus_i2c1_720p_ch3_hflip...
   [+] PASS (67.5s) expected=0x000x01 got=0x000x01
[47/96] 11:06:36 p3_samebus_i2c1_720p_ch3_ae_on...
   [+] PASS (66.7s) expected=0x020x90 got=0x020x90
[48/96] 11:07:42 p3_samebus_i2c1_720p_ch3_awb...
   [+] PASS (67.9s) expected=0x110x50 got=0x110x50
[49/96] 11:08:50 p3_crossbus_lo_720p_ch0_vflip...
   [+] PASS (223.3s) expected=0x000x02 got=0x000x02
[50/96] 11:12:34 p3_crossbus_lo_720p_ch0_hflip...
   [+] PASS (66.5s) expected=0x000x01 got=0x000x01
[51/96] 11:13:40 p3_crossbus_lo_720p_ch0_ae_on...
   [+] PASS (69.3s) expected=0x020x90 got=0x020x90
[52/96] 11:14:49 p3_crossbus_lo_720p_ch0_awb...
   [+] PASS (67.5s) expected=0x110x50 got=0x110x50
[53/96] 11:15:57 p3_crossbus_lo_720p_ch2_vflip...
   [+] PASS (66.1s) expected=0x000x02 got=0x000x02
[54/96] 11:17:03 p3_crossbus_lo_720p_ch2_hflip...
   [+] PASS (65.8s) expected=0x000x01 got=0x000x01
[55/96] 11:18:09 p3_crossbus_lo_720p_ch2_ae_on...
   [+] PASS (88.8s) expected=0x020x90 got=0x020x90
[56/96] 11:19:38 p3_crossbus_lo_720p_ch2_awb...
   [+] PASS (67.9s) expected=0x110x50 got=0x110x50
[57/96] 11:20:46 p3_crossbus_hi_720p_ch1_vflip...
   [+] PASS (69.2s) expected=0x000x02 got=0x000x02
[58/96] 11:21:55 p3_crossbus_hi_720p_ch1_hflip...
   [X] EXCEPTION_TIMEOUT (171.4s) expected=0x000x01 got=-
[59/96] 11:24:46 p3_crossbus_hi_720p_ch1_ae_on...
   [+] PASS (76.7s) expected=0x020x90 got=0x020x90
[60/96] 11:26:03 p3_crossbus_hi_720p_ch1_awb...
   [+] PASS (67.1s) expected=0x110x50 got=0x110x50
[61/96] 11:27:10 p3_crossbus_hi_720p_ch3_vflip...
   [+] PASS (70.6s) expected=0x000x02 got=0x000x02
[62/96] 11:28:21 p3_crossbus_hi_720p_ch3_hflip...
   [+] PASS (67.3s) expected=0x000x01 got=0x000x01
[63/96] 11:29:28 p3_crossbus_hi_720p_ch3_ae_on...
   [+] PASS (69.2s) expected=0x020x90 got=0x020x90
[64/96] 11:30:37 p3_crossbus_hi_720p_ch3_awb...
   [+] PASS (65.0s) expected=0x110x50 got=0x110x50
[65/96] 11:31:42 p3_samebus_i2c2_fhd_ch0_vflip...
   [+] PASS (68.1s) expected=0x000x02 got=0x000x02
[66/96] 11:32:50 p3_samebus_i2c2_fhd_ch0_hflip...
   [+] PASS (70.4s) expected=0x000x01 got=0x000x01
[67/96] 11:34:01 p3_samebus_i2c2_fhd_ch0_ae_on...
   [+] PASS (68.0s) expected=0x020x90 got=0x020x90
[68/96] 11:35:09 p3_samebus_i2c2_fhd_ch0_awb...
   [+] PASS (81.9s) expected=0x110x50 got=0x110x50
[69/96] 11:36:30 p3_samebus_i2c2_fhd_ch1_vflip...
   [+] PASS (66.2s) expected=0x000x02 got=0x000x02
[70/96] 11:37:37 p3_samebus_i2c2_fhd_ch1_hflip...
   [+] PASS (66.2s) expected=0x000x01 got=0x000x01
[71/96] 11:38:43 p3_samebus_i2c2_fhd_ch1_ae_on...
   [+] PASS (70.5s) expected=0x020x90 got=0x020x90
[72/96] 11:39:53 p3_samebus_i2c2_fhd_ch1_awb...
   [+] PASS (66.8s) expected=0x110x50 got=0x110x50
[73/96] 11:41:00 p3_samebus_i2c1_fhd_ch2_vflip...
   [+] PASS (67.6s) expected=0x000x02 got=0x000x02
[74/96] 11:42:08 p3_samebus_i2c1_fhd_ch2_hflip...
   [+] PASS (81.2s) expected=0x000x01 got=0x000x01
[75/96] 11:43:29 p3_samebus_i2c1_fhd_ch2_ae_on...
   [+] PASS (69.4s) expected=0x020x90 got=0x020x90
[76/96] 11:44:38 p3_samebus_i2c1_fhd_ch2_awb...
   [+] PASS (66.8s) expected=0x110x50 got=0x110x50
[77/96] 11:45:45 p3_samebus_i2c1_fhd_ch3_vflip...
   [+] PASS (66.4s) expected=0x000x02 got=0x000x02
[78/96] 11:46:52 p3_samebus_i2c1_fhd_ch3_hflip...
   [+] PASS (84.2s) expected=0x000x01 got=0x000x01
[79/96] 11:48:16 p3_samebus_i2c1_fhd_ch3_ae_on...
   [+] PASS (65.4s) expected=0x020x90 got=0x020x90
[80/96] 11:49:21 p3_samebus_i2c1_fhd_ch3_awb...
   [+] PASS (83.7s) expected=0x110x50 got=0x110x50
[81/96] 11:50:45 p3_crossbus_lo_fhd_ch0_vflip...
   [+] PASS (69.1s) expected=0x000x02 got=0x000x02
[82/96] 11:51:54 p3_crossbus_lo_fhd_ch0_hflip...
   [+] PASS (65.0s) expected=0x000x01 got=0x000x01
[83/96] 11:52:59 p3_crossbus_lo_fhd_ch0_ae_on...
   [+] PASS (66.4s) expected=0x020x90 got=0x020x90
[84/96] 11:54:05 p3_crossbus_lo_fhd_ch0_awb...
   [+] PASS (65.5s) expected=0x110x50 got=0x110x50
[85/96] 11:55:11 p3_crossbus_lo_fhd_ch2_vflip...
   [+] PASS (85.2s) expected=0x000x02 got=0x000x02
[86/96] 11:56:36 p3_crossbus_lo_fhd_ch2_hflip...
   [+] PASS (71.8s) expected=0x000x01 got=0x000x01
[87/96] 11:57:48 p3_crossbus_lo_fhd_ch2_ae_on...
   [+] PASS (64.4s) expected=0x020x90 got=0x020x90
[88/96] 11:58:52 p3_crossbus_lo_fhd_ch2_awb...
   [+] PASS (65.5s) expected=0x110x50 got=0x110x50
[89/96] 11:59:58 p3_crossbus_hi_fhd_ch1_vflip...
   [+] PASS (67.4s) expected=0x000x02 got=0x000x02
[90/96] 12:01:05 p3_crossbus_hi_fhd_ch1_hflip...
   [+] PASS (68.1s) expected=0x000x01 got=0x000x01
[91/96] 12:02:13 p3_crossbus_hi_fhd_ch1_ae_on...
   [+] PASS (66.0s) expected=0x020x90 got=0x020x90
[92/96] 12:03:19 p3_crossbus_hi_fhd_ch1_awb...
   [+] PASS (64.9s) expected=0x110x50 got=0x110x50
[93/96] 12:04:24 p3_crossbus_hi_fhd_ch3_vflip...
   [+] PASS (83.2s) expected=0x000x02 got=0x000x02
[94/96] 12:05:47 p3_crossbus_hi_fhd_ch3_hflip...
   [+] PASS (69.5s) expected=0x000x01 got=0x000x01
[95/96] 12:06:57 p3_crossbus_hi_fhd_ch3_ae_on...
   [+] PASS (70.4s) expected=0x020x90 got=0x020x90
[96/96] 12:08:07 p3_crossbus_hi_fhd_ch3_awb...
   [+] PASS (67.2s) expected=0x110x50 got=0x110x50

============================================================
PASS: 95/96, FAIL: 1
Total time: 115m 58s
============================================================

실패 시나리오:
  [EXCEPTION_TIMEOUT] p3_crossbus_hi_720p_ch1_hflip
       expected=0x000x01 got=None
Comprehensive verify — 2026-04-21T12:19:08.800460
Total scenarios: 96
  Phase 2 (quad): 32
  Phase 3 (dual): 64
  Resume: 95 scenarios already PASSed — skipping

[58/96] 12:19:08 p3_crossbus_hi_720p_ch1_hflip...
   [+] PASS (85.3s) expected=0x000x01 got=0x000x01

============================================================
PASS: 96/96, FAIL: 0
Total time: 114m 32s
============================================================
