Smart verify — 2026-04-21T13:25:10.659951
Total scenarios: 36
  9 combos × 2 tests (A/B) × 2 resolutions = 36

[1/36] 13:25:10 smart_4ch_all_720p_A (14 checks)...
   → PASS (114.7s) [14/14]
[2/36] 13:27:05 smart_4ch_all_720p_B (15 checks)...
   → PASS (110.3s) [15/15]
[3/36] 13:28:55 smart_4ch_all_fhd_A (14 checks)...
   → PASS (81.7s) [14/14]
[4/36] 13:30:17 smart_4ch_all_fhd_B (15 checks)...
   → PASS (83.4s) [15/15]
[5/36] 13:31:40 smart_3ch_013_720p_A (11 checks)...
   → PASS (205.0s) [11/11]
[6/36] 13:35:05 smart_3ch_013_720p_B (12 checks)...
   → EXCEPTION_TIMEOUT (170.1s)
[7/36] 13:37:55 smart_3ch_013_fhd_A (11 checks)...
   → PASS (108.5s) [11/11]
[8/36] 13:39:44 smart_3ch_013_fhd_B (12 checks)...
   → PASS (101.7s) [12/12]
[9/36] 13:41:26 smart_3ch_123_720p_A (11 checks)...
   → PASS (103.6s) [11/11]
[10/36] 13:43:09 smart_3ch_123_720p_B (12 checks)...
   → PASS (71.0s) [12/12]
[11/36] 13:44:20 smart_3ch_123_fhd_A (11 checks)...
   → PASS (82.6s) [11/11]
[12/36] 13:45:43 smart_3ch_123_fhd_B (12 checks)...
   → PASS (76.3s) [12/12]
[13/36] 13:46:59 smart_2ch_01_720p_A (7 checks)...
   → PASS (68.3s) [7/7]
[14/36] 13:48:07 smart_2ch_01_720p_B (8 checks)...
   → PASS (73.5s) [8/8]
[15/36] 13:49:21 smart_2ch_01_fhd_A (7 checks)...
   → PASS (72.6s) [7/7]
[16/36] 13:50:33 smart_2ch_01_fhd_B (8 checks)...
   → PASS (89.6s) [8/8]
[17/36] 13:52:03 smart_2ch_23_720p_A (7 checks)...
   → PASS (68.2s) [7/7]
[18/36] 13:53:11 smart_2ch_23_720p_B (8 checks)...
   → FAIL (70.0s) [7/8]
        FAIL ch3_awb_ctrl: exp=0x110x58 got=0x110x50
[19/36] 13:54:21 smart_2ch_23_fhd_A (7 checks)...
   → PASS (70.0s) [7/7]
[20/36] 13:55:31 smart_2ch_23_fhd_B (8 checks)...
   → FAIL (74.5s) [7/8]
        FAIL ch3_awb_ctrl: exp=0x110x58 got=0x110x50
[21/36] 13:56:46 smart_2ch_02_720p_A (8 checks)...
   → PASS (223.0s) [8/8]
[22/36] 14:00:29 smart_2ch_02_720p_B (9 checks)...
   → PASS (65.6s) [9/9]
[23/36] 14:01:34 smart_2ch_02_fhd_A (8 checks)...
   → PASS (74.6s) [8/8]
[24/36] 14:02:49 smart_2ch_02_fhd_B (9 checks)...
   → PASS (74.9s) [9/9]
[25/36] 14:04:04 smart_2ch_12_720p_A (8 checks)...
   → FAIL (72.5s) [6/8]
        FAIL ch1_ae_ctrl: exp=0x020x99 got=0x000xac
        FAIL ch1_awb_ctrl: exp=0x110x5f got=0x110x50
[26/36] 14:05:17 smart_2ch_12_720p_B (9 checks)...
   → PASS (73.3s) [9/9]
[27/36] 14:06:30 smart_2ch_12_fhd_A (8 checks)...
   → PASS (76.9s) [8/8]
[28/36] 14:07:47 smart_2ch_12_fhd_B (9 checks)...
   → PASS (72.6s) [9/9]
[29/36] 14:08:59 smart_1ch_0_720p_A (4 checks)...
   → PASS (85.5s) [4/4]
[30/36] 14:10:25 smart_1ch_0_720p_B (5 checks)...
   → PASS (74.0s) [5/5]
[31/36] 14:11:39 smart_1ch_0_fhd_A (4 checks)...
   → PASS (73.1s) [4/4]
[32/36] 14:12:52 smart_1ch_0_fhd_B (5 checks)...
   → PASS (88.1s) [5/5]
[33/36] 14:14:20 smart_1ch_3_720p_A (4 checks)...
   → PASS (65.4s) [4/4]
[34/36] 14:15:26 smart_1ch_3_720p_B (5 checks)...
   → FAIL (69.3s) [4/5]
        FAIL ch3_awb_ctrl: exp=0x110x58 got=0x110x50
[35/36] 14:16:35 smart_1ch_3_fhd_A (4 checks)...
   → PASS (66.0s) [4/4]
[36/36] 14:17:41 smart_1ch_3_fhd_B (5 checks)...
   → FAIL (70.0s) [4/5]
        FAIL ch3_awb_ctrl: exp=0x110x58 got=0x110x50

============================================================
Scenarios: PASS 30/36, FAIL 6
Check points: PASS 296/302
Total time: 53m 40s
============================================================
